time="Aug 25 00:30:57" level=info msg="Include config files: [/root/dae-lab.dae]"
time="Aug 25 00:30:57" level=info msg="Configured GOMAXPROCS=1 (set GOMAXPROCS in the service environment to override)"
time="Aug 25 00:30:57" level=warning msg="so_mark_from_dae is unset; using internal socket mark 0x100 to prevent dae UDP self-capture"
time="Aug 25 00:30:57" level=info msg="purging stale TC filters before startup"
time="Aug 25 00:30:57" level=info msg="Building control plane and routing rules..."
time="Aug 25 00:30:57" level=info msg="Kernel v6.12.94 supports Netkit, attempting to create Netkit device pair"
time="Aug 25 00:30:57" level=info msg="Successfully created Netkit device pair dae0 <-> dae0peer via netlink API (scrub=false)"
time="Aug 25 00:30:57" level=info msg="Successfully created Netkit device pair dae0 <-> dae0peer using netlink API"
time="Aug 25 00:30:57" level=info msg="Successfully created Netkit device pair (performance mode)"
time="Aug 25 00:30:57" level=info msg="Loading eBPF programs and maps into the kernel..."
time="Aug 25 00:30:57" level=info msg="The loading process takes about 120MB free memory, which will be released after loading. Insufficient memory will cause loading failure."
time="Aug 25 00:30:57" level=info msg="Safely enabled bpf_redirect_peer() (kernel v6.12.94, netkit+scrub=NONE)"
time="Aug 25 00:30:57" level=warning msg="Kernel does not support bpf_get_current_task helper: FnGetCurrentTask for program type CGroupSockAddr not supported; process names may be truncated or less accurate (degraded to bpf_get_current_comm)"
time="Aug 25 00:30:58" level=info msg="Loaded eBPF programs and maps"
time="Aug 25 00:30:58" level=warning msg="AllowInsecure is enabled, but it is not recommended. Please make sure you have to turn it on."
time="Aug 25 00:30:58" level=info msg="Optimizing and loading routing rules (this may take a while for large rule sets)..."
time="Aug 25 00:30:58" level=info msg="Building routing matcher..."
time="Aug 25 00:30:58" level=info msg="Loading routing rules into kernel space (BPF)..."
time="Aug 25 00:30:58" level=info msg="Routing match set len: 17/1024"
time="Aug 25 00:30:58" level=info msg="Building userspace routing matcher..."
time="Aug 25 00:30:58" level=info msg="Health check will only verify 5 outbounds referenced by routing rules: [direct hy2 tuic ss2022 trojan]"
time="Aug 25 00:30:58" level=info msg="Memory usage after routing build: Alloc=2MiB, Sys=33MiB, HeapObjects=11673"
time="Aug 25 00:30:58" level=info msg="Bind to LAN: veth-lab"
time="Aug 25 00:30:58" level=info msg="Bind to WAN: eth0"
time="Aug 25 00:30:58" level=info msg="Control plane built in 1.169002824s"
time="Aug 25 00:30:58" level=info msg="Total startup time: 1.169442668s"
