[2m2026-08-26T16:20:59.327357Z[0m [32m INFO[0m [2mhonk_core[0m[2m:[0m honk-core v0.0.1-alpha starting
[2m2026-08-26T16:20:59.327368Z[0m [32m INFO[0m [2mhonk_core[0m[2m:[0m Config: /root/honk-lab-juicity.dae
[2m2026-08-26T16:20:59.327370Z[0m [32m INFO[0m [2mhonk_core[0m[2m:[0m Runtime data directory configured [3mdirectory[0m[2m=[0m/var/share/honk
[2m2026-08-26T16:20:59.327375Z[0m [32m INFO[0m [2mhonk_core[0m[2m:[0m Raised NOFILE rlimit to 524288 (hard=524288)
[2m2026-08-26T16:20:59.327387Z[0m [32m INFO[0m [2mhonk_core[0m[2m:[0m Subscription store ready [3mdirectory[0m[2m=[0m/var/share/honk/.sub
[2m2026-08-26T16:20:59.327420Z[0m [32m INFO[0m [2mhonk_core[0m[2m:[0m Group 'juicity' resolved 1 node(s)
[2m2026-08-26T16:20:59.327422Z[0m [32m INFO[0m [2mhonk_core[0m[2m:[0m Loaded 3 nodes, 1 groups, 8 routing rules
[2m2026-08-26T16:20:59.327876Z[0m [32m INFO[0m [2mhonk_core[0m[2m:[0m daens FD source: /proc/thread-self/ns/net -> net:[4026532226]
[2m2026-08-26T16:20:59.327893Z[0m [32m INFO[0m [2mhonk_core[0m[2m:[0m Created daens network namespace (FD-owned)
[2m2026-08-26T16:20:59.328605Z[0m [32m INFO[0m [2mhonk_core[0m[2m:[0m Created dae0/dae0peer link pair [3mkind[0m[2m=[0mNetkit
[2m2026-08-26T16:20:59.328924Z[0m [32m INFO[0m [2mhonk_core[0m[2m:[0m net.ipv4.conf.dae0.rp_filter = 0
[2m2026-08-26T16:20:59.328932Z[0m [32m INFO[0m [2mhonk_core[0m[2m:[0m net.ipv4.conf.dae0.accept_local = 1
[2m2026-08-26T16:20:59.329742Z[0m [32m INFO[0m [2mhonk_core[0m[2m:[0m dae0 link created before eBPF load (ifindex=1478)
[2m2026-08-26T16:20:59.329748Z[0m [32m INFO[0m [2mhonk_core[0m[2m:[0m Loading real eBPF backend from built-in object
[2m2026-08-26T16:20:59.353543Z[0m [32m INFO[0m [2mhonk_core::ebpf::real::attach[0m[2m:[0m Loading eBPF programs (1575576 bytes)
[2m2026-08-26T16:20:59.353611Z[0m [32m INFO[0m [2mhonk_core::ebpf::real::attach[0m[2m:[0m Kernel 7.1.0 supports bpf_redirect_peer, enabling
[2m2026-08-26T16:20:59.367088Z[0m [32m INFO[0m [2mhonk_core::ebpf::real::attach[0m[2m:[0m process-name routing uses argv[0] basename
[2m2026-08-26T16:20:59.372484Z[0m [32m INFO[0m [2mhonk_core::ebpf::real::attach[0m[2m:[0m Attached 6 cgroup programs to /sys/fs/cgroup
[2m2026-08-26T16:20:59.372834Z[0m [32m INFO[0m [2mhonk_core::ebpf::real::attach[0m[2m:[0m Attaching eBPF TC programs to LAN interface: veth-lab (configured: veth-lab)
[2m2026-08-26T16:20:59.492167Z[0m [32m INFO[0m [2mhonk_core::ebpf::real::attach[0m[2m:[0m attached 'lan_ingress_l2' to veth-lab (Ingress) link_id=SchedClassifierLinkId(FdLinkId(FdLinkId(55)))
[2m2026-08-26T16:20:59.505767Z[0m [32m INFO[0m [2mhonk_core::ebpf::real::attach[0m[2m:[0m attached 'lan_egress_l2' to veth-lab (Egress) link_id=SchedClassifierLinkId(FdLinkId(FdLinkId(57)))
[2m2026-08-26T16:20:59.531351Z[0m [32m INFO[0m [2mhonk_core::ebpf::real::attach[0m[2m:[0m attached 'wan_egress_l2' to ens3 (Egress) link_id=SchedClassifierLinkId(FdLinkId(FdLinkId(59)))
[2m2026-08-26T16:20:59.545350Z[0m [32m INFO[0m [2mhonk_core::ebpf::real::attach[0m[2m:[0m attached 'wan_ingress_l2' to ens3 (Ingress) link_id=SchedClassifierLinkId(FdLinkId(FdLinkId(61)))
[2m2026-08-26T16:20:59.545387Z[0m [32m INFO[0m [2mhonk_core::ebpf::real::attach[0m[2m:[0m eBPF loaded and attached
[2m2026-08-26T16:20:59.547015Z[0m [32m INFO[0m [2mhonk_core::ebpf::real[0m[2m:[0m PARAM defaults in effect (tproxy_port=12345, tproxy_mark=0x8000000)
[2m2026-08-26T16:20:59.547020Z[0m [32m INFO[0m [2mhonk_core[0m[2m:[0m eBPF backend initialized with tproxy_port=12345
[2m2026-08-26T16:20:59.547022Z[0m [32m INFO[0m [2mhonk_core[0m[2m:[0m eBPF parameters set
[2m2026-08-26T16:20:59.555356Z[0m [32m INFO[0m [2mhonk_core::ebpf::real::attach[0m[2m:[0m attached 'dae0_ingress' to dae0 (Ingress) link_id=SchedClassifierLinkId(FdLinkId(FdLinkId(63)))
[2m2026-08-26T16:20:59.555370Z[0m [32m INFO[0m [2mhonk_core::ebpf::real[0m[2m:[0m dae0_ingress attached and link held
[2m2026-08-26T16:20:59.555378Z[0m [32m INFO[0m [2mhonk_core[0m[2m:[0m dae0 programs attached
[2m2026-08-26T16:20:59.566478Z[0m [32m INFO[0m [2mhonk_core[0m[2m:[0m Moved dae0peer to daens
[2m2026-08-26T16:20:59.567111Z[0m [32m INFO[0m [2mhonk_core[0m[2m:[0m Configured daens namespace (mark=0x8000000)
[2m2026-08-26T16:20:59.567118Z[0m [32m INFO[0m [2mhonk_core[0m[2m:[0m dae0peer moved to daens netns
[2m2026-08-26T16:20:59.567342Z[0m [32m INFO[0m [2mhonk_core::ebpf::real[0m[2m:[0m tproxy_sk_lookup attached to daens namespace
[2m2026-08-26T16:20:59.567346Z[0m [32m INFO[0m [2mhonk_core[0m[2m:[0m tproxy_sk_lookup attached in daens
[2m2026-08-26T16:20:59.570302Z[0m [32m INFO[0m [2mhonk_core::ebpf::real::attach[0m[2m:[0m attached 'dae0peer_ingress' to dae0peer (Ingress) link_id=SchedClassifierLinkId(FdLinkId(FdLinkId(68)))
[2m2026-08-26T16:20:59.570310Z[0m [32m INFO[0m [2mhonk_core::ebpf::real[0m[2m:[0m dae0peer_ingress attached and link held
[2m2026-08-26T16:20:59.570316Z[0m [32m INFO[0m [2mhonk_core[0m[2m:[0m dae0peer_ingress attached in daens
[2m2026-08-26T16:20:59.570317Z[0m [32m INFO[0m [2mhonk_core[0m[2m:[0m Using eBPF TC redirect datapath (tproxy_mark=0x8000000)
[2m2026-08-26T16:20:59.570351Z[0m [32m INFO[0m [2mhonk_core[0m[2m:[0m Router ready with 8 compiled routes
[2m2026-08-26T16:20:59.570380Z[0m [32m INFO[0m [2mhonk_core[0m[2m:[0m Proxy registry ready (11 handlers)
[2m2026-08-26T16:20:59.570405Z[0m [32m INFO[0m [2mhonk_core[0m[2m:[0m DNS upstream config: name=alidns addr=223.5.5.5:53 proto=Udp outbound=None
[2m2026-08-26T16:20:59.570416Z[0m [32m INFO[0m [2mhonk_core[0m[2m:[0m DNS forwarder ready
[2m2026-08-26T16:20:59.570427Z[0m [32m INFO[0m [2mhonk_core::control::bootstrap[0m[2m:[0m Registered 1/3 nodes for health check (2 skipped: not in any group)
[2m2026-08-26T16:20:59.570447Z[0m [32m INFO[0m [2mhonk_core::control::bootstrap[0m[2m:[0m Control-plane descriptor budget [3mnofile[0m[2m=[0m524288 [3mfixed[0m[2m=[0m256 [3mtcp_flows[0m[2m=[0m16384 [3mtcp_max[0m[2m=[0m32768 [3mtcp_pool[0m[2m=[0m2048 [3mdials[0m[2m=[0m64 [3mdial_ceiling[0m[2m=[0m1024 [3mudp_endpoints[0m[2m=[0m8192 [3mudp_slow[0m[2m=[0m256 [3mdns_slow[0m[2m=[0m256
[2m2026-08-26T16:20:59.570467Z[0m [32m INFO[0m [2mhonk_core::control::routing_matcher[0m[2m:[0m rule 'rule-0' outbound='direct' -> id=0 (cp=false)
[2m2026-08-26T16:20:59.570469Z[0m [32m INFO[0m [2mhonk_core::control::routing_matcher[0m[2m:[0m rule '__local_direct_10.10.10.49/32' outbound='direct' -> id=0 (cp=false)
[2m2026-08-26T16:20:59.570471Z[0m [32m INFO[0m [2mhonk_core::control::routing_matcher[0m[2m:[0m Planned 1 destination IP routes for rule 1
[2m2026-08-26T16:20:59.570472Z[0m [32m INFO[0m [2mhonk_core::control::routing_matcher[0m[2m:[0m rule '__local_direct_192.0.2.55/32' outbound='direct' -> id=0 (cp=false)
[2m2026-08-26T16:20:59.570473Z[0m [32m INFO[0m [2mhonk_core::control::routing_matcher[0m[2m:[0m Planned 1 destination IP routes for rule 2
[2m2026-08-26T16:20:59.570474Z[0m [32m INFO[0m [2mhonk_core::control::routing_matcher[0m[2m:[0m rule '__local_direct_192.168.222.1/32' outbound='direct' -> id=0 (cp=false)
[2m2026-08-26T16:20:59.570475Z[0m [32m INFO[0m [2mhonk_core::control::routing_matcher[0m[2m:[0m Planned 1 destination IP routes for rule 3
[2m2026-08-26T16:20:59.570476Z[0m [32m INFO[0m [2mhonk_core::control::routing_matcher[0m[2m:[0m rule '__local_direct_240e:3b6:32b2:81e0:2a0:98ff:fe04:2a4b/128' outbound='direct' -> id=0 (cp=false)
[2m2026-08-26T16:20:59.570478Z[0m [32m INFO[0m [2mhonk_core::control::routing_matcher[0m[2m:[0m Planned 1 destination IP routes for rule 4
[2m2026-08-26T16:20:59.570479Z[0m [32m INFO[0m [2mhonk_core::control::routing_matcher[0m[2m:[0m rule '__local_direct_240e:3b6:32b2:a050:2a0:98ff:fe04:2a4b/128' outbound='direct' -> id=0 (cp=false)
[2m2026-08-26T16:20:59.570480Z[0m [32m INFO[0m [2mhonk_core::control::routing_matcher[0m[2m:[0m Planned 1 destination IP routes for rule 5
[2m2026-08-26T16:20:59.570485Z[0m [32m INFO[0m [2mhonk_core::control::routing_matcher[0m[2m:[0m rule '__local_direct_fd00:abab::2a0:98ff:fe04:2a4b/128' outbound='direct' -> id=0 (cp=false)
[2m2026-08-26T16:20:59.570486Z[0m [32m INFO[0m [2mhonk_core::control::routing_matcher[0m[2m:[0m Planned 1 destination IP routes for rule 6
[2m2026-08-26T16:20:59.570487Z[0m [32m INFO[0m [2mhonk_core::control::routing_matcher[0m[2m:[0m rule 'rule-1' outbound='juicity' -> id=2 (cp=false)
[2m2026-08-26T16:20:59.570549Z[0m [32m INFO[0m [2mhonk_core[0m[2m:[0m DNS upstream pool attached to SharedGroupManager + traffic Router
[2m2026-08-26T16:20:59.570555Z[0m [32m INFO[0m [2mhonk_core[0m[2m:[0m Starting control plane listeners and accept loop
[2m2026-08-26T16:20:59.570557Z[0m [32m INFO[0m [2mhonk_core[0m[2m:[0m honk-core is running. Press Ctrl+C to stop.
[2m2026-08-26T16:20:59.570579Z[0m [32m INFO[0m [2mhonk_core::control::runtime[0m[2m:[0m Control plane listening for TPROXY TCPv4 on 0.0.0.0:12345
[2m2026-08-26T16:20:59.570589Z[0m [32m INFO[0m [2mhonk_core::control::runtime[0m[2m:[0m Control plane listening for TPROXY TCPv6 on [::]:12345
[2m2026-08-26T16:20:59.570615Z[0m [32m INFO[0m [2mhonk_core::control::runtime[0m[2m:[0m Control plane listening for TPROXY UDPv4 x4 on 0.0.0.0:12345
[2m2026-08-26T16:20:59.570633Z[0m [32m INFO[0m [2mhonk_core::control::runtime[0m[2m:[0m Control plane listening for TPROXY UDPv6 x4 on [::]:12345
[2m2026-08-26T16:20:59.570639Z[0m [32m INFO[0m [2mhonk_core::ebpf::real[0m[2m:[0m Published listener socket to LISTEN_SOCKET_MAP [3mfd[0m[2m=[0m70 [3mkey[0m[2m=[0m0
[2m2026-08-26T16:20:59.570641Z[0m [32m INFO[0m [2mhonk_core::ebpf::real[0m[2m:[0m Published listener socket to LISTEN_SOCKET_MAP [3mfd[0m[2m=[0m71 [3mkey[0m[2m=[0m1
[2m2026-08-26T16:20:59.570643Z[0m [32m INFO[0m [2mhonk_core::ebpf::real[0m[2m:[0m Published listener socket to LISTEN_SOCKET_MAP [3mfd[0m[2m=[0m72 [3mkey[0m[2m=[0m2
[2m2026-08-26T16:20:59.570644Z[0m [32m INFO[0m [2mhonk_core::ebpf::real[0m[2m:[0m Published listener socket to LISTEN_SOCKET_MAP [3mfd[0m[2m=[0m73 [3mkey[0m[2m=[0m3
[2m2026-08-26T16:20:59.570646Z[0m [32m INFO[0m [2mhonk_core::ebpf::real[0m[2m:[0m Published listener socket to LISTEN_SOCKET_MAP [3mfd[0m[2m=[0m74 [3mkey[0m[2m=[0m4
[2m2026-08-26T16:20:59.570647Z[0m [32m INFO[0m [2mhonk_core::ebpf::real[0m[2m:[0m Published listener socket to LISTEN_SOCKET_MAP [3mfd[0m[2m=[0m75 [3mkey[0m[2m=[0m5
[2m2026-08-26T16:20:59.570649Z[0m [32m INFO[0m [2mhonk_core::ebpf::real[0m[2m:[0m Published listener socket to LISTEN_SOCKET_MAP [3mfd[0m[2m=[0m77 [3mkey[0m[2m=[0m6
[2m2026-08-26T16:20:59.570650Z[0m [32m INFO[0m [2mhonk_core::ebpf::real[0m[2m:[0m Published listener socket to LISTEN_SOCKET_MAP [3mfd[0m[2m=[0m78 [3mkey[0m[2m=[0m7
[2m2026-08-26T16:20:59.570652Z[0m [32m INFO[0m [2mhonk_core::ebpf::real[0m[2m:[0m Published listener socket to LISTEN_SOCKET_MAP [3mfd[0m[2m=[0m79 [3mkey[0m[2m=[0m8
[2m2026-08-26T16:20:59.570653Z[0m [32m INFO[0m [2mhonk_core::ebpf::real[0m[2m:[0m Published listener socket to LISTEN_SOCKET_MAP [3mfd[0m[2m=[0m80 [3mkey[0m[2m=[0m9
[2m2026-08-26T16:20:59.570843Z[0m [32m INFO[0m [2mhonk_core::clash_api[0m[2m:[0m clash API listening on http://127.0.0.1:9090
[2m2026-08-26T16:20:59.575523Z[0m [32m INFO[0m [2mhonk_core::control::routing_matcher[0m[2m:[0m Pushed 11 MatchSet entries to eBPF ROUTING_MAP
[2m2026-08-26T16:20:59.575536Z[0m [32m INFO[0m [2mhonk_core::control::runtime[0m[2m:[0m BPF map janitor started
[2m2026-08-26T16:20:59.575557Z[0m [32m INFO[0m [2mhonk_outbound::tls[0m[2m:[0m TLS mode: tls (Chrome fingerprint=false)
[2m2026-08-26T16:20:59.575701Z[0m [32m INFO[0m [2mhonk_core::control::janitor[0m[2m:[0m BPF janitor: started (tick=2s; conn-state sweep is watermark-driven)
[2m2026-08-26T16:20:59.576022Z[0m [32m INFO[0m [2mhonk_outbound::alive[0m[2m:[0m Health check DNS resolved 'cp.cloudflare.com' → 2 IPs
[2m2026-08-26T16:20:59.576024Z[0m [32m INFO[0m [2mhonk_core::control::runtime[0m[2m:[0m HTTP health check enabled (url=http://cp.cloudflare.com, method=HEAD)
[2m2026-08-26T16:20:59.576027Z[0m [32m INFO[0m [2mhonk_core::control::runtime[0m[2m:[0m UDP health check enabled (dns=8.8.8.8:53)
[2m2026-08-26T16:20:59.576029Z[0m [32m INFO[0m [2mhonk_core::control::runtime[0m[2m:[0m Starting health check loop (interval=3600s, timeout=5s)
[2m2026-08-26T16:20:59.576031Z[0m [32m INFO[0m [2mhonk_core::control::runtime[0m[2m:[0m Outbound health check loop started (interval=3600s)
[2m2026-08-26T16:20:59.576040Z[0m [32m INFO[0m [2mhonk_core::control::runtime[0m[2m:[0m Connection pool janitor started
[2m2026-08-26T16:20:59.576056Z[0m [32m INFO[0m [2mhonk_core::control::runtime[0m[2m:[0m eBPF datapath admission opened after listener publication
[2m2026-08-26T16:21:02.626109Z[0m [32m INFO[0m [2mhonk_outbound::alive::probe[0m[2m:[0m Node 'juicity' is alive after HTTP health check
[2m2026-08-26T16:21:02.628025Z[0m [32m INFO[0m [2mhonk_outbound::alive::probe[0m[2m:[0m Node 'juicity' is alive after HTTP health check
[2m2026-08-26T16:21:59.577165Z[0m [32m INFO[0m [2mhonk_core::control::janitor[0m[2m:[0m BPF janitor: conn-state sweep removed 622/1593 entries (occupancy ~0.3%)
