[2m2026-08-26T14:05:57.959964Z[0m [32m INFO[0m [2mhonk_core[0m[2m:[0m honk-core v0.0.1-alpha starting
[2m2026-08-26T14:05:57.960006Z[0m [32m INFO[0m [2mhonk_core[0m[2m:[0m Config: /root/honk-lab.dae
[2m2026-08-26T14:05:57.960013Z[0m [32m INFO[0m [2mhonk_core[0m[2m:[0m Runtime data directory configured [3mdirectory[0m[2m=[0m/var/share/honk
[2m2026-08-26T14:05:57.960031Z[0m [32m INFO[0m [2mhonk_core[0m[2m:[0m Raised NOFILE rlimit to 524288 (hard=524288)
[2m2026-08-26T14:05:57.960064Z[0m [32m INFO[0m [2mhonk_core[0m[2m:[0m Subscription store ready [3mdirectory[0m[2m=[0m/var/share/honk/.sub
[2m2026-08-26T14:05:57.960550Z[0m [32m INFO[0m [2mhonk_core[0m[2m:[0m Group 'hy2' resolved 1 node(s)
[2m2026-08-26T14:05:57.960556Z[0m [32m INFO[0m [2mhonk_core[0m[2m:[0m Group 'tuic' resolved 1 node(s)
[2m2026-08-26T14:05:57.960559Z[0m [32m INFO[0m [2mhonk_core[0m[2m:[0m Group 'ss2022' resolved 1 node(s)
[2m2026-08-26T14:05:57.960562Z[0m [32m INFO[0m [2mhonk_core[0m[2m:[0m Group 'trojan' resolved 1 node(s)
[2m2026-08-26T14:05:57.960564Z[0m [32m INFO[0m [2mhonk_core[0m[2m:[0m Group 'anytls-sb' resolved 1 node(s)
[2m2026-08-26T14:05:57.960567Z[0m [32m INFO[0m [2mhonk_core[0m[2m:[0m Group 'anytls-go' resolved 1 node(s)
[2m2026-08-26T14:05:57.960570Z[0m [32m INFO[0m [2mhonk_core[0m[2m:[0m Loaded 8 nodes, 6 groups, 13 routing rules
[2m2026-08-26T14:05:57.961865Z[0m [32m INFO[0m [2mhonk_core[0m[2m:[0m daens FD source: /proc/thread-self/ns/net -> net:[4026532224]
[2m2026-08-26T14:05:57.963544Z[0m [32m INFO[0m [2mhonk_core[0m[2m:[0m Created daens network namespace (FD-owned)
[2m2026-08-26T14:05:57.963881Z[0m [32m INFO[0m [2mhonk_core[0m[2m:[0m Created dae0/dae0peer link pair [3mkind[0m[2m=[0mNetkit
[2m2026-08-26T14:05:57.964899Z[0m [32m INFO[0m [2mhonk_core[0m[2m:[0m net.ipv4.conf.dae0.rp_filter = 0
[2m2026-08-26T14:05:57.964917Z[0m [32m INFO[0m [2mhonk_core[0m[2m:[0m net.ipv4.conf.dae0.accept_local = 1
[2m2026-08-26T14:05:57.966102Z[0m [32m INFO[0m [2mhonk_core[0m[2m:[0m dae0 link created before eBPF load (ifindex=1268)
[2m2026-08-26T14:05:57.966114Z[0m [32m INFO[0m [2mhonk_core[0m[2m:[0m Loading real eBPF backend from built-in object
[2m2026-08-26T14:05:57.992693Z[0m [32m INFO[0m [2mhonk_core::ebpf::real::attach[0m[2m:[0m Loading eBPF programs (1575784 bytes)
[2m2026-08-26T14:05:57.992766Z[0m [32m INFO[0m [2mhonk_core::ebpf::real::attach[0m[2m:[0m Kernel 7.1.0 supports bpf_redirect_peer, enabling
[2m2026-08-26T14:05:58.007059Z[0m [32m INFO[0m [2mhonk_core::ebpf::real::attach[0m[2m:[0m process-name routing uses argv[0] basename
[2m2026-08-26T14:05:58.011837Z[0m [32m INFO[0m [2mhonk_core::ebpf::real::attach[0m[2m:[0m Attached 6 cgroup programs to /sys/fs/cgroup
[2m2026-08-26T14:05:58.012182Z[0m [32m INFO[0m [2mhonk_core::ebpf::real::attach[0m[2m:[0m Attaching eBPF TC programs to LAN interface: veth-lab (configured: veth-lab)
[2m2026-08-26T14:05:58.129372Z[0m [32m INFO[0m [2mhonk_core::ebpf::real::attach[0m[2m:[0m attached 'lan_ingress_l2' to veth-lab (Ingress) link_id=SchedClassifierLinkId(FdLinkId(FdLinkId(55)))
[2m2026-08-26T14:05:58.140379Z[0m [32m INFO[0m [2mhonk_core::ebpf::real::attach[0m[2m:[0m attached 'lan_egress_l2' to veth-lab (Egress) link_id=SchedClassifierLinkId(FdLinkId(FdLinkId(57)))
[2m2026-08-26T14:05:58.164361Z[0m [32m INFO[0m [2mhonk_core::ebpf::real::attach[0m[2m:[0m attached 'wan_egress_l2' to ens3 (Egress) link_id=SchedClassifierLinkId(FdLinkId(FdLinkId(59)))
[2m2026-08-26T14:05:58.176319Z[0m [32m INFO[0m [2mhonk_core::ebpf::real::attach[0m[2m:[0m attached 'wan_ingress_l2' to ens3 (Ingress) link_id=SchedClassifierLinkId(FdLinkId(FdLinkId(61)))
[2m2026-08-26T14:05:58.176361Z[0m [32m INFO[0m [2mhonk_core::ebpf::real::attach[0m[2m:[0m eBPF loaded and attached
[2m2026-08-26T14:05:58.177294Z[0m [32m INFO[0m [2mhonk_core::ebpf::real[0m[2m:[0m PARAM defaults in effect (tproxy_port=12345, tproxy_mark=0x8000000)
[2m2026-08-26T14:05:58.177307Z[0m [32m INFO[0m [2mhonk_core[0m[2m:[0m eBPF backend initialized with tproxy_port=12345
[2m2026-08-26T14:05:58.177308Z[0m [32m INFO[0m [2mhonk_core[0m[2m:[0m eBPF parameters set
[2m2026-08-26T14:05:58.188364Z[0m [32m INFO[0m [2mhonk_core::ebpf::real::attach[0m[2m:[0m attached 'dae0_ingress' to dae0 (Ingress) link_id=SchedClassifierLinkId(FdLinkId(FdLinkId(63)))
[2m2026-08-26T14:05:58.188375Z[0m [32m INFO[0m [2mhonk_core::ebpf::real[0m[2m:[0m dae0_ingress attached and link held
[2m2026-08-26T14:05:58.188377Z[0m [32m INFO[0m [2mhonk_core[0m[2m:[0m dae0 programs attached
[2m2026-08-26T14:05:58.195474Z[0m [32m INFO[0m [2mhonk_core[0m[2m:[0m Moved dae0peer to daens
[2m2026-08-26T14:05:58.195696Z[0m [32m INFO[0m [2mhonk_core[0m[2m:[0m Configured daens namespace (mark=0x8000000)
[2m2026-08-26T14:05:58.195700Z[0m [32m INFO[0m [2mhonk_core[0m[2m:[0m dae0peer moved to daens netns
[2m2026-08-26T14:05:58.196100Z[0m [32m INFO[0m [2mhonk_core::ebpf::real[0m[2m:[0m tproxy_sk_lookup attached to daens namespace
[2m2026-08-26T14:05:58.196107Z[0m [32m INFO[0m [2mhonk_core[0m[2m:[0m tproxy_sk_lookup attached in daens
[2m2026-08-26T14:05:58.203296Z[0m [32m INFO[0m [2mhonk_core::ebpf::real::attach[0m[2m:[0m attached 'dae0peer_ingress' to dae0peer (Ingress) link_id=SchedClassifierLinkId(FdLinkId(FdLinkId(68)))
[2m2026-08-26T14:05:58.203305Z[0m [32m INFO[0m [2mhonk_core::ebpf::real[0m[2m:[0m dae0peer_ingress attached and link held
[2m2026-08-26T14:05:58.203309Z[0m [32m INFO[0m [2mhonk_core[0m[2m:[0m dae0peer_ingress attached in daens
[2m2026-08-26T14:05:58.203310Z[0m [32m INFO[0m [2mhonk_core[0m[2m:[0m Using eBPF TC redirect datapath (tproxy_mark=0x8000000)
[2m2026-08-26T14:05:58.203359Z[0m [32m INFO[0m [2mhonk_core[0m[2m:[0m Router ready with 13 compiled routes
[2m2026-08-26T14:05:58.203381Z[0m [32m INFO[0m [2mhonk_core[0m[2m:[0m Proxy registry ready (11 handlers)
[2m2026-08-26T14:05:58.203410Z[0m [32m INFO[0m [2mhonk_core[0m[2m:[0m DNS upstream config: name=alidns addr=223.5.5.5:53 proto=Udp outbound=None
[2m2026-08-26T14:05:58.203426Z[0m [32m INFO[0m [2mhonk_core[0m[2m:[0m DNS forwarder ready
[2m2026-08-26T14:05:58.203443Z[0m [32m INFO[0m [2mhonk_core::control::bootstrap[0m[2m:[0m Registered 6/8 nodes for health check (2 skipped: not in any group)
[2m2026-08-26T14:05:58.203481Z[0m [32m INFO[0m [2mhonk_core::control::bootstrap[0m[2m:[0m Control-plane descriptor budget [3mnofile[0m[2m=[0m524288 [3mfixed[0m[2m=[0m256 [3mtcp_flows[0m[2m=[0m16384 [3mtcp_max[0m[2m=[0m32768 [3mtcp_pool[0m[2m=[0m2048 [3mdials[0m[2m=[0m64 [3mdial_ceiling[0m[2m=[0m1024 [3mudp_endpoints[0m[2m=[0m8192 [3mudp_slow[0m[2m=[0m256 [3mdns_slow[0m[2m=[0m256
[2m2026-08-26T14:05:58.203507Z[0m [32m INFO[0m [2mhonk_core::control::routing_matcher[0m[2m:[0m rule 'rule-0' outbound='direct' -> id=0 (cp=false)
[2m2026-08-26T14:05:58.203510Z[0m [32m INFO[0m [2mhonk_core::control::routing_matcher[0m[2m:[0m rule '__local_direct_10.10.10.49/32' outbound='direct' -> id=0 (cp=false)
[2m2026-08-26T14:05:58.203513Z[0m [32m INFO[0m [2mhonk_core::control::routing_matcher[0m[2m:[0m Planned 1 destination IP routes for rule 7
[2m2026-08-26T14:05:58.203515Z[0m [32m INFO[0m [2mhonk_core::control::routing_matcher[0m[2m:[0m rule '__local_direct_192.0.2.55/32' outbound='direct' -> id=0 (cp=false)
[2m2026-08-26T14:05:58.203516Z[0m [32m INFO[0m [2mhonk_core::control::routing_matcher[0m[2m:[0m Planned 1 destination IP routes for rule 8
[2m2026-08-26T14:05:58.203518Z[0m [32m INFO[0m [2mhonk_core::control::routing_matcher[0m[2m:[0m rule '__local_direct_192.168.222.1/32' outbound='direct' -> id=0 (cp=false)
[2m2026-08-26T14:05:58.203519Z[0m [32m INFO[0m [2mhonk_core::control::routing_matcher[0m[2m:[0m Planned 1 destination IP routes for rule 9
[2m2026-08-26T14:05:58.203521Z[0m [32m INFO[0m [2mhonk_core::control::routing_matcher[0m[2m:[0m rule '__local_direct_240e:3b6:32b2:81e0:2a0:98ff:fe04:2a4b/128' outbound='direct' -> id=0 (cp=false)
[2m2026-08-26T14:05:58.203528Z[0m [32m INFO[0m [2mhonk_core::control::routing_matcher[0m[2m:[0m Planned 1 destination IP routes for rule 10
[2m2026-08-26T14:05:58.203530Z[0m [32m INFO[0m [2mhonk_core::control::routing_matcher[0m[2m:[0m rule '__local_direct_240e:3b6:32b2:a050:2a0:98ff:fe04:2a4b/128' outbound='direct' -> id=0 (cp=false)
[2m2026-08-26T14:05:58.203532Z[0m [32m INFO[0m [2mhonk_core::control::routing_matcher[0m[2m:[0m Planned 1 destination IP routes for rule 11
[2m2026-08-26T14:05:58.203533Z[0m [32m INFO[0m [2mhonk_core::control::routing_matcher[0m[2m:[0m rule '__local_direct_fd00:abab::2a0:98ff:fe04:2a4b/128' outbound='direct' -> id=0 (cp=false)
[2m2026-08-26T14:05:58.203536Z[0m [32m INFO[0m [2mhonk_core::control::routing_matcher[0m[2m:[0m Planned 1 destination IP routes for rule 12
[2m2026-08-26T14:05:58.203537Z[0m [32m INFO[0m [2mhonk_core::control::routing_matcher[0m[2m:[0m rule 'rule-1' outbound='hy2' -> id=2 (cp=false)
[2m2026-08-26T14:05:58.203538Z[0m [32m INFO[0m [2mhonk_core::control::routing_matcher[0m[2m:[0m rule 'rule-2' outbound='tuic' -> id=3 (cp=false)
[2m2026-08-26T14:05:58.203540Z[0m [32m INFO[0m [2mhonk_core::control::routing_matcher[0m[2m:[0m rule 'rule-3' outbound='ss2022' -> id=4 (cp=false)
[2m2026-08-26T14:05:58.203541Z[0m [32m INFO[0m [2mhonk_core::control::routing_matcher[0m[2m:[0m rule 'rule-4' outbound='trojan' -> id=5 (cp=false)
[2m2026-08-26T14:05:58.203542Z[0m [32m INFO[0m [2mhonk_core::control::routing_matcher[0m[2m:[0m rule 'rule-5' outbound='anytls-sb' -> id=6 (cp=false)
[2m2026-08-26T14:05:58.203544Z[0m [32m INFO[0m [2mhonk_core::control::routing_matcher[0m[2m:[0m rule 'rule-6' outbound='anytls-go' -> id=7 (cp=false)
[2m2026-08-26T14:05:58.203620Z[0m [32m INFO[0m [2mhonk_core[0m[2m:[0m DNS upstream pool attached to SharedGroupManager + traffic Router
[2m2026-08-26T14:05:58.203630Z[0m [32m INFO[0m [2mhonk_core[0m[2m:[0m Starting control plane listeners and accept loop
[2m2026-08-26T14:05:58.203633Z[0m [32m INFO[0m [2mhonk_core[0m[2m:[0m honk-core is running. Press Ctrl+C to stop.
[2m2026-08-26T14:05:58.203663Z[0m [32m INFO[0m [2mhonk_core::control::runtime[0m[2m:[0m Control plane listening for TPROXY TCPv4 on 0.0.0.0:12345
[2m2026-08-26T14:05:58.203679Z[0m [32m INFO[0m [2mhonk_core::control::runtime[0m[2m:[0m Control plane listening for TPROXY TCPv6 on [::]:12345
[2m2026-08-26T14:05:58.203711Z[0m [32m INFO[0m [2mhonk_core::control::runtime[0m[2m:[0m Control plane listening for TPROXY UDPv4 x4 on 0.0.0.0:12345
[2m2026-08-26T14:05:58.203739Z[0m [32m INFO[0m [2mhonk_core::control::runtime[0m[2m:[0m Control plane listening for TPROXY UDPv6 x4 on [::]:12345
[2m2026-08-26T14:05:58.203746Z[0m [32m INFO[0m [2mhonk_core::ebpf::real[0m[2m:[0m Published listener socket to LISTEN_SOCKET_MAP [3mfd[0m[2m=[0m70 [3mkey[0m[2m=[0m0
[2m2026-08-26T14:05:58.203750Z[0m [32m INFO[0m [2mhonk_core::ebpf::real[0m[2m:[0m Published listener socket to LISTEN_SOCKET_MAP [3mfd[0m[2m=[0m72 [3mkey[0m[2m=[0m1
[2m2026-08-26T14:05:58.203752Z[0m [32m INFO[0m [2mhonk_core::ebpf::real[0m[2m:[0m Published listener socket to LISTEN_SOCKET_MAP [3mfd[0m[2m=[0m73 [3mkey[0m[2m=[0m2
[2m2026-08-26T14:05:58.203755Z[0m [32m INFO[0m [2mhonk_core::ebpf::real[0m[2m:[0m Published listener socket to LISTEN_SOCKET_MAP [3mfd[0m[2m=[0m71 [3mkey[0m[2m=[0m3
[2m2026-08-26T14:05:58.203757Z[0m [32m INFO[0m [2mhonk_core::ebpf::real[0m[2m:[0m Published listener socket to LISTEN_SOCKET_MAP [3mfd[0m[2m=[0m75 [3mkey[0m[2m=[0m4
[2m2026-08-26T14:05:58.203759Z[0m [32m INFO[0m [2mhonk_core::ebpf::real[0m[2m:[0m Published listener socket to LISTEN_SOCKET_MAP [3mfd[0m[2m=[0m76 [3mkey[0m[2m=[0m5
[2m2026-08-26T14:05:58.203761Z[0m [32m INFO[0m [2mhonk_core::ebpf::real[0m[2m:[0m Published listener socket to LISTEN_SOCKET_MAP [3mfd[0m[2m=[0m77 [3mkey[0m[2m=[0m6
[2m2026-08-26T14:05:58.203766Z[0m [32m INFO[0m [2mhonk_core::ebpf::real[0m[2m:[0m Published listener socket to LISTEN_SOCKET_MAP [3mfd[0m[2m=[0m78 [3mkey[0m[2m=[0m7
[2m2026-08-26T14:05:58.203768Z[0m [32m INFO[0m [2mhonk_core::ebpf::real[0m[2m:[0m Published listener socket to LISTEN_SOCKET_MAP [3mfd[0m[2m=[0m79 [3mkey[0m[2m=[0m8
[2m2026-08-26T14:05:58.203770Z[0m [32m INFO[0m [2mhonk_core::ebpf::real[0m[2m:[0m Published listener socket to LISTEN_SOCKET_MAP [3mfd[0m[2m=[0m80 [3mkey[0m[2m=[0m9
[2m2026-08-26T14:05:58.203795Z[0m [32m INFO[0m [2mhonk_core::clash_api[0m[2m:[0m clash API listening on http://127.0.0.1:9090
[2m2026-08-26T14:05:58.211499Z[0m [32m INFO[0m [2mhonk_core::control::routing_matcher[0m[2m:[0m Pushed 32 MatchSet entries to eBPF ROUTING_MAP
[2m2026-08-26T14:05:58.211518Z[0m [32m INFO[0m [2mhonk_core::control::runtime[0m[2m:[0m BPF map janitor started
[2m2026-08-26T14:05:58.211525Z[0m [32m INFO[0m [2mhonk_outbound::tls[0m[2m:[0m TLS mode: tls (Chrome fingerprint=false)
[2m2026-08-26T14:05:58.212420Z[0m [32m INFO[0m [2mhonk_core::control::janitor[0m[2m:[0m BPF janitor: started (tick=2s; conn-state sweep is watermark-driven)
[2m2026-08-26T14:05:58.212610Z[0m [32m INFO[0m [2mhonk_outbound::alive[0m[2m:[0m Health check DNS resolved 'cp.cloudflare.com' → 2 IPs
[2m2026-08-26T14:05:58.212623Z[0m [32m INFO[0m [2mhonk_core::control::runtime[0m[2m:[0m HTTP health check enabled (url=http://cp.cloudflare.com, method=HEAD)
[2m2026-08-26T14:05:58.212633Z[0m [32m INFO[0m [2mhonk_core::control::runtime[0m[2m:[0m UDP health check enabled (dns=8.8.8.8:53)
[2m2026-08-26T14:05:58.212636Z[0m [32m INFO[0m [2mhonk_core::control::runtime[0m[2m:[0m Starting health check loop (interval=3600s, timeout=5s)
[2m2026-08-26T14:05:58.212641Z[0m [32m INFO[0m [2mhonk_core::control::runtime[0m[2m:[0m Outbound health check loop started (interval=3600s)
[2m2026-08-26T14:05:58.212649Z[0m [32m INFO[0m [2mhonk_core::control::runtime[0m[2m:[0m Connection pool janitor started
[2m2026-08-26T14:05:58.212663Z[0m [32m INFO[0m [2mhonk_core::control::preconnect[0m[2m:[0m Preconnect warmup started for 2 nodes (max 4 concurrent)
[2m2026-08-26T14:05:58.212682Z[0m [32m INFO[0m [2mhonk_core::control::runtime[0m[2m:[0m eBPF datapath admission opened after listener publication
[2m2026-08-26T14:06:00.448006Z[0m [32m INFO[0m [2mhonk_outbound::alive::probe[0m[2m:[0m Node 'hy2' is alive after HTTP health check
[2m2026-08-26T14:06:00.448189Z[0m [32m INFO[0m [2mhonk_outbound::alive::probe[0m[2m:[0m Node 'ss2022' is alive after HTTP health check
[2m2026-08-26T14:06:00.448262Z[0m [32m INFO[0m [2mhonk_outbound::alive::probe[0m[2m:[0m Node 'tuic' is alive after HTTP health check
[2m2026-08-26T14:06:00.448557Z[0m [32m INFO[0m [2mhonk_outbound::alive::probe[0m[2m:[0m Node 'ss2022' is alive after HTTP health check
[2m2026-08-26T14:06:00.450017Z[0m [32m INFO[0m [2mhonk_outbound::alive::probe[0m[2m:[0m Node 'anytls-sb' is alive after HTTP health check
[2m2026-08-26T14:06:00.450146Z[0m [32m INFO[0m [2mhonk_outbound::alive::probe[0m[2m:[0m Node 'anytls-go' is alive after HTTP health check
[2m2026-08-26T14:06:00.450791Z[0m [32m INFO[0m [2mhonk_outbound::alive::probe[0m[2m:[0m Node 'hy2' is alive after HTTP health check
[2m2026-08-26T14:06:00.450884Z[0m [32m INFO[0m [2mhonk_outbound::alive::probe[0m[2m:[0m Node 'anytls-sb' is alive after HTTP health check
[2m2026-08-26T14:06:00.451464Z[0m [32m INFO[0m [2mhonk_outbound::alive::probe[0m[2m:[0m Node 'anytls-go' is alive after HTTP health check
[2m2026-08-26T14:06:00.454021Z[0m [32m INFO[0m [2mhonk_outbound::alive::probe[0m[2m:[0m Node 'tuic' is alive after HTTP health check
[2m2026-08-26T14:06:00.457473Z[0m [32m INFO[0m [2mhonk_outbound::alive::probe[0m[2m:[0m Node 'trojan' is alive after HTTP health check
[2m2026-08-26T14:06:00.458101Z[0m [32m INFO[0m [2mhonk_outbound::alive::probe[0m[2m:[0m Node 'trojan' is alive after HTTP health check
[2m2026-08-26T14:06:19.341015Z[0m [32m INFO[0m [2mhonk_core[0m[2m:[0m Received SIGTERM, shutting down...
[2m2026-08-26T14:06:19.347234Z[0m [32m INFO[0m [2mhonk_core::control::drain[0m[2m:[0m DrainTracker: rejecting new connections
[2m2026-08-26T14:06:19.347250Z[0m [32m INFO[0m [2mhonk_core::control::shutdown[0m[2m:[0m Control plane shutting down, draining 0 active connections
[2m2026-08-26T14:06:19.347314Z[0m [32m INFO[0m [2mhonk_core::control::shutdown[0m[2m:[0m shutdown: detaching eBPF hooks
[2m2026-08-26T14:06:19.347316Z[0m [32m INFO[0m [2mhonk_core::ebpf::real[0m[2m:[0m Detaching BPF hooks (lan_ingress, lan_egress, wan_egress, wan_ingress, bond slaves, bridge slaves, cgroup, dae0, sk_lookup)
[2m2026-08-26T14:06:19.388320Z[0m [32m INFO[0m [2mhonk_core::ebpf::real[0m[2m:[0m BPF hooks detached, network restored
[2m2026-08-26T14:06:19.388334Z[0m [32m INFO[0m [2mhonk_core::control::shutdown[0m[2m:[0m shutdown: draining connections
[2m2026-08-26T14:06:19.388337Z[0m [32m INFO[0m [2mhonk_core::control::drain[0m[2m:[0m DrainTracker: rejecting new connections
[2m2026-08-26T14:06:19.388338Z[0m [32m INFO[0m [2mhonk_core::control::drain[0m[2m:[0m DrainTracker: no active connections to drain
[2m2026-08-26T14:06:19.388339Z[0m [32m INFO[0m [2mhonk_core::control::shutdown[0m[2m:[0m shutdown: retiring outbound runtime generation
[2m2026-08-26T14:06:19.445339Z[0m [32m INFO[0m [2mhonk_core::control::shutdown[0m[2m:[0m shutdown: stopping DNS controller
[2m2026-08-26T14:06:19.446468Z[0m [32m INFO[0m [2mhonk_core::control::shutdown[0m[2m:[0m shutdown: cleaning up eBPF backend
[2m2026-08-26T14:06:19.446479Z[0m [32m INFO[0m [2mhonk_core::ebpf::real[0m[2m:[0m Detaching BPF hooks (lan_ingress, lan_egress, wan_egress, wan_ingress, bond slaves, bridge slaves, cgroup, dae0, sk_lookup)
[2m2026-08-26T14:06:19.446482Z[0m [32m INFO[0m [2mhonk_core::ebpf::real[0m[2m:[0m BPF hooks detached, network restored
[2m2026-08-26T14:06:19.648434Z[0m [32m INFO[0m [2mhonk_core::control::shutdown[0m[2m:[0m Control plane stopped
[2m2026-08-26T14:06:19.648488Z[0m [32m INFO[0m [2mhonk_core[0m[2m:[0m honk-core stopped
[2m2026-08-26T14:06:19.648498Z[0m [32m INFO[0m [2mhonk_core[0m[2m:[0m Cleaning up dae0 side effects
