| engine | protocol | cold(s) | hot p50(s) | hot p95(s) | bw(Mbps) | cpu(cores) | rss(MB) |
| --- | --- | --- | --- | --- | --- | --- | --- |
| honk | direct | 0.003544 | - | - | 862 | 0.02 | 22 |
| honk | hy2 | 0.006827 | 0.005557 | 0.018128 | 344 | 1.27 | 39 |
| honk | hy2/udp | 0.002176 | - | - | 2(87.1%) | 1.56 | - |
| honk | tuic | 0.005912 | 0.005445 | 0.006854 | 233 | 0.93 | 29 |
| honk | tuic/udp | 0.002428 | - | - | 2(88.2%) | 1.52 | - |
| honk | ss2022 | 0.005939 | 0.004889 | 0.031721 | 430 | 0.76 | 28 |
| honk | ss2022/udp | 0.001807 | - | - | 95(91.6%) | 0.90 | - |
| honk | trojan | 0.059571 | 0.013261 | 0.059743 | 416 | 0.79 | 30 |
| honk | trojan/udp | 0.001626 | - | - | 106(97.2%) | 0.91 | - |
| dae | direct | 0.003379 | - | - | 860 | 0.01 | 41 |
| dae | hy2 | 0.021981 | 0.005782 | 0.007017 | 218 | 0.80 | 45 |
| dae | hy2/udp | 0.002434 | - | - | 99(97.1%) | 0.86 | - |
| dae | tuic | 0.032721 | 0.021513 | 0.022089 | 238 | 0.81 | 43 |
| dae | tuic/udp | 0.002601 | - | - | 101(97.2%) | 0.86 | - |
| dae | ss2022 | 0.008166 | 0.006855 | 0.007625 | 281 | 0.82 | 36 |
| dae | ss2022/udp | 0.002101 | - | - | 117(93.9%) | 0.79 | - |
| dae | trojan | 0.015561 | 0.015397 | 0.017603 | 205 | 0.79 | 40 |
| dae | trojan/udp | 0.002340 | - | - | 171(95.6%) | 0.79 | - |

## loaded latency stability (200 samples, 250ms cadence)
| engine | protocol | load(Mbps) | p50(ms) | p95(ms) | p99(ms) | max(ms) | failures |
| --- | --- | --- | --- | --- | --- | --- | --- |
| honk | direct | 866 | 12.155 | 49.531 | 74.952 | 139.534 | 0/200 |
| honk | hy2 | 344 | 51.847 | 104.086 | 123.511 | 133.456 | 3/200 |
| honk | tuic | 263 | 21.895 | 32.327 | 39.561 | 58.102 | 0/200 |
| honk | ss2022 | 458 | 16.002 | 27.524 | 40.067 | 72.338 | 0/200 |
| honk | trojan | 392 | 11.988 | 21.573 | 31.547 | 73.303 | 0/200 |
| dae | direct | 524 | 8.907 | 50.834 | 84.706 | 91.599 | 0/200 |
| dae | hy2 | 216 | 35.539 | 56.397 | 74.111 | 74.429 | 8/200 |
| dae | tuic | 237 | 48.835 | 60.541 | 64.923 | 80.709 | 0/200 |
| dae | ss2022 | 279 | 14.374 | 20.924 | 24.875 | 47.538 | 0/200 |
| dae | trojan | 202 | 22.171 | 35.989 | 45.613 | 60.581 | 3/200 |
