time="Aug 24 15:20:35" level=info msg="Include config files: [/root/dae-lab.dae]"
time="Aug 24 15:20:35" level=info msg="Configured GOMAXPROCS=1 (set GOMAXPROCS in the service environment to override)"
time="Aug 24 15:20:35" level=warning msg="so_mark_from_dae is unset; using internal socket mark 0x100 to prevent dae UDP self-capture"
time="Aug 24 15:20:35" level=info msg="purging stale TC filters before startup"
time="Aug 24 15:20:35" level=info msg="Waiting for network..."
time="Aug 24 15:20:36" level=info msg="Network online."
time="Aug 24 15:20:36" level=info msg="Building control plane and routing rules..."
time="Aug 24 15:20:36" level=info msg="Kernel v7.1.8 supports Netkit, attempting to create Netkit device pair"
time="Aug 24 15:20:36" level=info msg="Successfully created Netkit device pair dae0 <-> dae0peer via netlink API (scrub=false)"
time="Aug 24 15:20:36" level=info msg="Successfully created Netkit device pair dae0 <-> dae0peer using netlink API"
time="Aug 24 15:20:36" level=info msg="Successfully created Netkit device pair (performance mode)"
time="Aug 24 15:20:36" level=info msg="Loading eBPF programs and maps into the kernel..."
time="Aug 24 15:20:36" level=info msg="The loading process takes about 120MB free memory, which will be released after loading. Insufficient memory will cause loading failure."
time="Aug 24 15:20:36" level=info msg="Safely enabled bpf_redirect_peer() (kernel v7.1.8, netkit+scrub=NONE)"
time="Aug 24 15:20:36" level=info msg="Loaded eBPF programs and maps"
time="Aug 24 15:20:36" level=warning msg="AllowInsecure is enabled, but it is not recommended. Please make sure you have to turn it on."
time="Aug 24 15:20:36" level=info msg="Optimizing and loading routing rules (this may take a while for large rule sets)..."
time="Aug 24 15:20:36" level=info msg="Building routing matcher..."
time="Aug 24 15:20:36" level=info msg="Loading routing rules into kernel space (BPF)..."
time="Aug 24 15:20:36" level=info msg="Routing match set len: 25/1024"
time="Aug 24 15:20:36" level=info msg="Building userspace routing matcher..."
time="Aug 24 15:20:36" level=info msg="Health check will only verify 7 outbounds referenced by routing rules: [direct hy2 tuic ss2022 trojan anytls-sb anytls-go]"
time="Aug 24 15:20:36" level=info msg="Memory usage after routing build: Alloc=2MiB, Sys=26MiB, HeapObjects=11832"
time="Aug 24 15:20:36" level=info msg="Bind to LAN: veth-lab"
time="Aug 24 15:20:36" level=info msg="Bind to WAN: ens3"
time="Aug 24 15:20:36" level=info msg="Control plane built in 147.627839ms"
time="Aug 24 15:20:36" level=info msg="Total startup time: 191.634503ms"
