[2m2026-08-24T15:11:43.272741Z[0m [32m INFO[0m [2mhonk_core[0m[2m:[0m honk-core v0.0.1-alpha starting
[2m2026-08-24T15:11:43.272754Z[0m [32m INFO[0m [2mhonk_core[0m[2m:[0m Config: /root/honk-lab.dae
[2m2026-08-24T15:11:43.272756Z[0m [32m INFO[0m [2mhonk_core[0m[2m:[0m Runtime data directory configured [3mdirectory[0m[2m=[0m/var/share/honk
[2m2026-08-24T15:11:43.272763Z[0m [32m INFO[0m [2mhonk_core[0m[2m:[0m Raised NOFILE rlimit to 524288 (hard=524288)
[2m2026-08-24T15:11:43.272777Z[0m [32m INFO[0m [2mhonk_core[0m[2m:[0m Subscription store ready [3mdirectory[0m[2m=[0m/var/share/honk/.sub
[2m2026-08-24T15:11:43.272907Z[0m [32m INFO[0m [2mhonk_core[0m[2m:[0m Group 'hy2' resolved 1 node(s)
[2m2026-08-24T15:11:43.272908Z[0m [32m INFO[0m [2mhonk_core[0m[2m:[0m Group 'tuic' resolved 1 node(s)
[2m2026-08-24T15:11:43.272909Z[0m [32m INFO[0m [2mhonk_core[0m[2m:[0m Group 'ss2022' resolved 1 node(s)
[2m2026-08-24T15:11:43.272910Z[0m [32m INFO[0m [2mhonk_core[0m[2m:[0m Group 'trojan' resolved 1 node(s)
[2m2026-08-24T15:11:43.272910Z[0m [32m INFO[0m [2mhonk_core[0m[2m:[0m Group 'anytls-sb' resolved 1 node(s)
[2m2026-08-24T15:11:43.272911Z[0m [32m INFO[0m [2mhonk_core[0m[2m:[0m Group 'anytls-go' resolved 1 node(s)
[2m2026-08-24T15:11:43.272912Z[0m [32m INFO[0m [2mhonk_core[0m[2m:[0m Loaded 8 nodes, 6 groups, 12 routing rules
[2m2026-08-24T15:11:43.273358Z[0m [32m INFO[0m [2mhonk_core[0m[2m:[0m daens FD source: /proc/thread-self/ns/net -> net:[4026532224]
[2m2026-08-24T15:11:43.273986Z[0m [32m INFO[0m [2mhonk_core[0m[2m:[0m Created daens network namespace (FD-owned)
[2m2026-08-24T15:11:43.275323Z[0m [32m INFO[0m [2mhonk_core[0m[2m:[0m Created dae0/dae0peer link pair [3mkind[0m[2m=[0mNetkit
[2m2026-08-24T15:11:43.275542Z[0m [32m INFO[0m [2mhonk_core[0m[2m:[0m net.ipv4.conf.dae0.rp_filter = 0
[2m2026-08-24T15:11:43.275550Z[0m [32m INFO[0m [2mhonk_core[0m[2m:[0m net.ipv4.conf.dae0.accept_local = 1
[2m2026-08-24T15:11:43.276308Z[0m [32m INFO[0m [2mhonk_core[0m[2m:[0m dae0 link created before eBPF load (ifindex=280)
[2m2026-08-24T15:11:43.276311Z[0m [32m INFO[0m [2mhonk_core[0m[2m:[0m Loading real eBPF backend from built-in object
[2m2026-08-24T15:11:43.300278Z[0m [32m INFO[0m [2mhonk_core::ebpf::real::attach[0m[2m:[0m Loading eBPF programs (1575808 bytes)
[2m2026-08-24T15:11:43.301118Z[0m [32m INFO[0m [2mhonk_core::ebpf::real::attach[0m[2m:[0m Kernel 7.1.0 supports bpf_redirect_peer, enabling
[2m2026-08-24T15:11:43.317658Z[0m [32m INFO[0m [2mhonk_core::ebpf::real::attach[0m[2m:[0m process-name routing uses argv[0] basename
[2m2026-08-24T15:11:43.322913Z[0m [32m INFO[0m [2mhonk_core::ebpf::real::attach[0m[2m:[0m Attached 6 cgroup programs to /sys/fs/cgroup
[2m2026-08-24T15:11:43.323262Z[0m [32m INFO[0m [2mhonk_core::ebpf::real::attach[0m[2m:[0m Attaching eBPF TC programs to LAN interface: veth-lab (configured: veth-lab)
[2m2026-08-24T15:11:43.453361Z[0m [32m INFO[0m [2mhonk_core::ebpf::real::attach[0m[2m:[0m attached 'lan_ingress_l2' to veth-lab (Ingress) link_id=SchedClassifierLinkId(FdLinkId(FdLinkId(55)))
[2m2026-08-24T15:11:43.466314Z[0m [32m INFO[0m [2mhonk_core::ebpf::real::attach[0m[2m:[0m attached 'lan_egress_l2' to veth-lab (Egress) link_id=SchedClassifierLinkId(FdLinkId(FdLinkId(57)))
[2m2026-08-24T15:11:43.493945Z[0m [32m INFO[0m [2mhonk_core::ebpf::real::attach[0m[2m:[0m attached 'wan_egress_l2' to ens3 (Egress) link_id=SchedClassifierLinkId(FdLinkId(FdLinkId(59)))
[2m2026-08-24T15:11:43.504344Z[0m [32m INFO[0m [2mhonk_core::ebpf::real::attach[0m[2m:[0m attached 'wan_ingress_l2' to ens3 (Ingress) link_id=SchedClassifierLinkId(FdLinkId(FdLinkId(61)))
[2m2026-08-24T15:11:43.504382Z[0m [32m INFO[0m [2mhonk_core::ebpf::real::attach[0m[2m:[0m eBPF loaded and attached
[2m2026-08-24T15:11:43.505200Z[0m [32m INFO[0m [2mhonk_core::ebpf::real[0m[2m:[0m PARAM defaults in effect (tproxy_port=12345, tproxy_mark=0x8000000)
[2m2026-08-24T15:11:43.505209Z[0m [32m INFO[0m [2mhonk_core[0m[2m:[0m eBPF backend initialized with tproxy_port=12345
[2m2026-08-24T15:11:43.505211Z[0m [32m INFO[0m [2mhonk_core[0m[2m:[0m eBPF parameters set
[2m2026-08-24T15:11:43.517343Z[0m [32m INFO[0m [2mhonk_core::ebpf::real::attach[0m[2m:[0m attached 'dae0_ingress' to dae0 (Ingress) link_id=SchedClassifierLinkId(FdLinkId(FdLinkId(63)))
[2m2026-08-24T15:11:43.517352Z[0m [32m INFO[0m [2mhonk_core::ebpf::real[0m[2m:[0m dae0_ingress attached and link held
[2m2026-08-24T15:11:43.517354Z[0m [32m INFO[0m [2mhonk_core[0m[2m:[0m dae0 programs attached
[2m2026-08-24T15:11:43.531617Z[0m [32m INFO[0m [2mhonk_core[0m[2m:[0m Moved dae0peer to daens
[2m2026-08-24T15:11:43.532316Z[0m [32m INFO[0m [2mhonk_core[0m[2m:[0m Configured daens namespace (mark=0x8000000)
[2m2026-08-24T15:11:43.532321Z[0m [32m INFO[0m [2mhonk_core[0m[2m:[0m dae0peer moved to daens netns
[2m2026-08-24T15:11:43.532554Z[0m [32m INFO[0m [2mhonk_core::ebpf::real[0m[2m:[0m tproxy_sk_lookup attached to daens namespace
[2m2026-08-24T15:11:43.532558Z[0m [32m INFO[0m [2mhonk_core[0m[2m:[0m tproxy_sk_lookup attached in daens
[2m2026-08-24T15:11:43.541312Z[0m [32m INFO[0m [2mhonk_core::ebpf::real::attach[0m[2m:[0m attached 'dae0peer_ingress' to dae0peer (Ingress) link_id=SchedClassifierLinkId(FdLinkId(FdLinkId(68)))
[2m2026-08-24T15:11:43.541327Z[0m [32m INFO[0m [2mhonk_core::ebpf::real[0m[2m:[0m dae0peer_ingress attached and link held
[2m2026-08-24T15:11:43.541333Z[0m [32m INFO[0m [2mhonk_core[0m[2m:[0m dae0peer_ingress attached in daens
[2m2026-08-24T15:11:43.541348Z[0m [32m INFO[0m [2mhonk_core[0m[2m:[0m Using eBPF TC redirect datapath (tproxy_mark=0x8000000)
[2m2026-08-24T15:11:43.541396Z[0m [32m INFO[0m [2mhonk_core[0m[2m:[0m Router ready with 12 compiled routes
[2m2026-08-24T15:11:43.541416Z[0m [32m INFO[0m [2mhonk_core[0m[2m:[0m Proxy registry ready (11 handlers)
[2m2026-08-24T15:11:43.541442Z[0m [32m INFO[0m [2mhonk_core[0m[2m:[0m DNS upstream config: name=alidns addr=223.5.5.5:53 proto=Udp outbound=None
[2m2026-08-24T15:11:43.541455Z[0m [32m INFO[0m [2mhonk_core[0m[2m:[0m DNS forwarder ready
[2m2026-08-24T15:11:43.541474Z[0m [32m INFO[0m [2mhonk_core::control::bootstrap[0m[2m:[0m Registered 6/8 nodes for health check (2 skipped: not in any group)
[2m2026-08-24T15:11:43.541516Z[0m [32m INFO[0m [2mhonk_core::control::bootstrap[0m[2m:[0m Control-plane descriptor budget [3mnofile[0m[2m=[0m32768 [3mfixed[0m[2m=[0m256 [3mtcp_flows[0m[2m=[0m1024 [3mtcp_max[0m[2m=[0m2048 [3mtcp_pool[0m[2m=[0m2048 [3mdials[0m[2m=[0m64 [3mdial_ceiling[0m[2m=[0m1024 [3mudp_endpoints[0m[2m=[0m7765 [3mudp_slow[0m[2m=[0m256 [3mdns_slow[0m[2m=[0m256
[2m2026-08-24T15:11:43.541543Z[0m [32m INFO[0m [2mhonk_core::control::routing_matcher[0m[2m:[0m rule 'rule-0' outbound='direct' -> id=0 (cp=false)
[2m2026-08-24T15:11:43.541546Z[0m [32m INFO[0m [2mhonk_core::control::routing_matcher[0m[2m:[0m rule '__local_direct_10.10.10.49/32' outbound='direct' -> id=0 (cp=false)
[2m2026-08-24T15:11:43.541549Z[0m [32m INFO[0m [2mhonk_core::control::routing_matcher[0m[2m:[0m Planned 1 destination IP routes for rule 7
[2m2026-08-24T15:11:43.541551Z[0m [32m INFO[0m [2mhonk_core::control::routing_matcher[0m[2m:[0m rule '__local_direct_192.0.2.55/32' outbound='direct' -> id=0 (cp=false)
[2m2026-08-24T15:11:43.541553Z[0m [32m INFO[0m [2mhonk_core::control::routing_matcher[0m[2m:[0m Planned 1 destination IP routes for rule 8
[2m2026-08-24T15:11:43.541554Z[0m [32m INFO[0m [2mhonk_core::control::routing_matcher[0m[2m:[0m rule '__local_direct_192.168.222.1/32' outbound='direct' -> id=0 (cp=false)
[2m2026-08-24T15:11:43.541556Z[0m [32m INFO[0m [2mhonk_core::control::routing_matcher[0m[2m:[0m Planned 1 destination IP routes for rule 9
[2m2026-08-24T15:11:43.541557Z[0m [32m INFO[0m [2mhonk_core::control::routing_matcher[0m[2m:[0m rule '__local_direct_240e:3b6:32b2:81e0:2a0:98ff:fe04:2a4b/128' outbound='direct' -> id=0 (cp=false)
[2m2026-08-24T15:11:43.541568Z[0m [32m INFO[0m [2mhonk_core::control::routing_matcher[0m[2m:[0m Planned 1 destination IP routes for rule 10
[2m2026-08-24T15:11:43.541569Z[0m [32m INFO[0m [2mhonk_core::control::routing_matcher[0m[2m:[0m rule '__local_direct_fd00:abab::2a0:98ff:fe04:2a4b/128' outbound='direct' -> id=0 (cp=false)
[2m2026-08-24T15:11:43.541572Z[0m [32m INFO[0m [2mhonk_core::control::routing_matcher[0m[2m:[0m Planned 1 destination IP routes for rule 11
[2m2026-08-24T15:11:43.541574Z[0m [32m INFO[0m [2mhonk_core::control::routing_matcher[0m[2m:[0m rule 'rule-1' outbound='hy2' -> id=2 (cp=false)
[2m2026-08-24T15:11:43.541575Z[0m [32m INFO[0m [2mhonk_core::control::routing_matcher[0m[2m:[0m rule 'rule-2' outbound='tuic' -> id=3 (cp=false)
[2m2026-08-24T15:11:43.541577Z[0m [32m INFO[0m [2mhonk_core::control::routing_matcher[0m[2m:[0m rule 'rule-3' outbound='ss2022' -> id=4 (cp=false)
[2m2026-08-24T15:11:43.541578Z[0m [32m INFO[0m [2mhonk_core::control::routing_matcher[0m[2m:[0m rule 'rule-4' outbound='trojan' -> id=5 (cp=false)
[2m2026-08-24T15:11:43.541580Z[0m [32m INFO[0m [2mhonk_core::control::routing_matcher[0m[2m:[0m rule 'rule-5' outbound='anytls-sb' -> id=6 (cp=false)
[2m2026-08-24T15:11:43.541581Z[0m [32m INFO[0m [2mhonk_core::control::routing_matcher[0m[2m:[0m rule 'rule-6' outbound='anytls-go' -> id=7 (cp=false)
[2m2026-08-24T15:11:43.541677Z[0m [32m INFO[0m [2mhonk_core[0m[2m:[0m DNS upstream pool attached to SharedGroupManager + traffic Router
[2m2026-08-24T15:11:43.541688Z[0m [32m INFO[0m [2mhonk_core[0m[2m:[0m Starting control plane listeners and accept loop
[2m2026-08-24T15:11:43.541691Z[0m [32m INFO[0m [2mhonk_core[0m[2m:[0m honk-core is running. Press Ctrl+C to stop.
[2m2026-08-24T15:11:43.541725Z[0m [32m INFO[0m [2mhonk_core::control::runtime[0m[2m:[0m Control plane listening for TPROXY TCPv4 on 0.0.0.0:12345
[2m2026-08-24T15:11:43.541740Z[0m [32m INFO[0m [2mhonk_core::control::runtime[0m[2m:[0m Control plane listening for TPROXY TCPv6 on [::]:12345
[2m2026-08-24T15:11:43.541769Z[0m [32m INFO[0m [2mhonk_core::control::runtime[0m[2m:[0m Control plane listening for TPROXY UDPv4 x4 on 0.0.0.0:12345
[2m2026-08-24T15:11:43.541795Z[0m [32m INFO[0m [2mhonk_core::control::runtime[0m[2m:[0m Control plane listening for TPROXY UDPv6 x4 on [::]:12345
[2m2026-08-24T15:11:43.541802Z[0m [32m INFO[0m [2mhonk_core::ebpf::real[0m[2m:[0m Published listener socket to LISTEN_SOCKET_MAP [3mfd[0m[2m=[0m70 [3mkey[0m[2m=[0m0
[2m2026-08-24T15:11:43.541806Z[0m [32m INFO[0m [2mhonk_core::ebpf::real[0m[2m:[0m Published listener socket to LISTEN_SOCKET_MAP [3mfd[0m[2m=[0m71 [3mkey[0m[2m=[0m1
[2m2026-08-24T15:11:43.541808Z[0m [32m INFO[0m [2mhonk_core::ebpf::real[0m[2m:[0m Published listener socket to LISTEN_SOCKET_MAP [3mfd[0m[2m=[0m72 [3mkey[0m[2m=[0m2
[2m2026-08-24T15:11:43.541811Z[0m [32m INFO[0m [2mhonk_core::ebpf::real[0m[2m:[0m Published listener socket to LISTEN_SOCKET_MAP [3mfd[0m[2m=[0m73 [3mkey[0m[2m=[0m3
[2m2026-08-24T15:11:43.541813Z[0m [32m INFO[0m [2mhonk_core::ebpf::real[0m[2m:[0m Published listener socket to LISTEN_SOCKET_MAP [3mfd[0m[2m=[0m74 [3mkey[0m[2m=[0m4
[2m2026-08-24T15:11:43.541815Z[0m [32m INFO[0m [2mhonk_core::ebpf::real[0m[2m:[0m Published listener socket to LISTEN_SOCKET_MAP [3mfd[0m[2m=[0m75 [3mkey[0m[2m=[0m5
[2m2026-08-24T15:11:43.541817Z[0m [32m INFO[0m [2mhonk_core::ebpf::real[0m[2m:[0m Published listener socket to LISTEN_SOCKET_MAP [3mfd[0m[2m=[0m76 [3mkey[0m[2m=[0m6
[2m2026-08-24T15:11:43.541820Z[0m [32m INFO[0m [2mhonk_core::ebpf::real[0m[2m:[0m Published listener socket to LISTEN_SOCKET_MAP [3mfd[0m[2m=[0m77 [3mkey[0m[2m=[0m7
[2m2026-08-24T15:11:43.541822Z[0m [32m INFO[0m [2mhonk_core::ebpf::real[0m[2m:[0m Published listener socket to LISTEN_SOCKET_MAP [3mfd[0m[2m=[0m78 [3mkey[0m[2m=[0m8
[2m2026-08-24T15:11:43.541828Z[0m [32m INFO[0m [2mhonk_core::ebpf::real[0m[2m:[0m Published listener socket to LISTEN_SOCKET_MAP [3mfd[0m[2m=[0m79 [3mkey[0m[2m=[0m9
[2m2026-08-24T15:11:43.541842Z[0m [32m INFO[0m [2mhonk_core::clash_api[0m[2m:[0m clash API listening on http://127.0.0.1:9090
[2m2026-08-24T15:11:43.547434Z[0m [32m INFO[0m [2mhonk_core::control::routing_matcher[0m[2m:[0m Pushed 31 MatchSet entries to eBPF ROUTING_MAP
[2m2026-08-24T15:11:43.547449Z[0m [32m INFO[0m [2mhonk_core::control::runtime[0m[2m:[0m BPF map janitor started
[2m2026-08-24T15:11:43.547455Z[0m [32m INFO[0m [2mhonk_outbound::tls[0m[2m:[0m TLS mode: tls (Chrome fingerprint=false)
[2m2026-08-24T15:11:43.548110Z[0m [32m INFO[0m [2mhonk_outbound::alive[0m[2m:[0m Health check DNS resolved 'cp.cloudflare.com' → 2 IPs
[2m2026-08-24T15:11:43.548116Z[0m [32m INFO[0m [2mhonk_core::control::runtime[0m[2m:[0m HTTP health check enabled (url=http://cp.cloudflare.com, method=HEAD)
[2m2026-08-24T15:11:43.548121Z[0m [32m INFO[0m [2mhonk_core::control::runtime[0m[2m:[0m UDP health check enabled (dns=8.8.8.8:53)
[2m2026-08-24T15:11:43.548123Z[0m [32m INFO[0m [2mhonk_core::control::runtime[0m[2m:[0m Starting health check loop (interval=3600s, timeout=5s)
[2m2026-08-24T15:11:43.548127Z[0m [32m INFO[0m [2mhonk_core::control::runtime[0m[2m:[0m Outbound health check loop started (interval=3600s)
[2m2026-08-24T15:11:43.548131Z[0m [32m INFO[0m [2mhonk_core::control::runtime[0m[2m:[0m Connection pool janitor started
[2m2026-08-24T15:11:43.548140Z[0m [32m INFO[0m [2mhonk_core::control::preconnect[0m[2m:[0m Preconnect warmup started for 2 nodes (max 4 concurrent)
[2m2026-08-24T15:11:43.548154Z[0m [32m INFO[0m [2mhonk_core::control::runtime[0m[2m:[0m eBPF datapath admission opened after listener publication
[2m2026-08-24T15:11:43.554363Z[0m [32m INFO[0m [2mhonk_core::control::janitor[0m[2m:[0m BPF janitor: started (tick=2s; conn-state sweep is watermark-driven)
[2m2026-08-24T15:11:47.989079Z[0m [32m INFO[0m [2mhonk_outbound::alive::probe[0m[2m:[0m Node 'hy2' is alive after HTTP health check
[2m2026-08-24T15:11:47.989330Z[0m [32m INFO[0m [2mhonk_outbound::alive::probe[0m[2m:[0m Node 'ss2022' is alive after HTTP health check
[2m2026-08-24T15:11:47.991195Z[0m [32m INFO[0m [2mhonk_outbound::alive::probe[0m[2m:[0m Node 'ss2022' is alive after HTTP health check
[2m2026-08-24T15:11:47.992920Z[0m [32m INFO[0m [2mhonk_outbound::alive::probe[0m[2m:[0m Node 'hy2' is alive after HTTP health check
[2m2026-08-24T15:11:47.992947Z[0m [32m INFO[0m [2mhonk_outbound::alive::probe[0m[2m:[0m Node 'anytls-sb' is alive after HTTP health check
[2m2026-08-24T15:11:47.993515Z[0m [32m INFO[0m [2mhonk_outbound::alive::probe[0m[2m:[0m Node 'anytls-go' is alive after HTTP health check
[2m2026-08-24T15:11:47.994566Z[0m [32m INFO[0m [2mhonk_outbound::alive::probe[0m[2m:[0m Node 'anytls-sb' is alive after HTTP health check
[2m2026-08-24T15:11:47.994944Z[0m [32m INFO[0m [2mhonk_outbound::alive::probe[0m[2m:[0m Node 'trojan' is alive after HTTP health check
[2m2026-08-24T15:11:47.995035Z[0m [32m INFO[0m [2mhonk_outbound::alive::probe[0m[2m:[0m Node 'tuic' is alive after HTTP health check
[2m2026-08-24T15:11:47.995191Z[0m [32m INFO[0m [2mhonk_outbound::alive::probe[0m[2m:[0m Node 'anytls-go' is alive after HTTP health check
[2m2026-08-24T15:11:48.000611Z[0m [32m INFO[0m [2mhonk_outbound::alive::probe[0m[2m:[0m Node 'tuic' is alive after HTTP health check
[2m2026-08-24T15:11:48.000937Z[0m [32m INFO[0m [2mhonk_outbound::alive::probe[0m[2m:[0m Node 'trojan' is alive after HTTP health check
[2m2026-08-24T15:12:45.549484Z[0m [32m INFO[0m [2mhonk_core::control::janitor[0m[2m:[0m BPF janitor: conn-state sweep removed 206/2618 entries (occupancy ~0.5%)
