[2m2026-08-24T15:15:22.893256Z[0m [32m INFO[0m [2mhonk_core[0m[2m:[0m honk-core v0.0.1-alpha starting
[2m2026-08-24T15:15:22.893269Z[0m [32m INFO[0m [2mhonk_core[0m[2m:[0m Config: /root/honk-lab.dae
[2m2026-08-24T15:15:22.893271Z[0m [32m INFO[0m [2mhonk_core[0m[2m:[0m Runtime data directory configured [3mdirectory[0m[2m=[0m/var/share/honk
[2m2026-08-24T15:15:22.893278Z[0m [32m INFO[0m [2mhonk_core[0m[2m:[0m Raised NOFILE rlimit to 524288 (hard=524288)
[2m2026-08-24T15:15:22.893321Z[0m [32m INFO[0m [2mhonk_core[0m[2m:[0m Subscription store ready [3mdirectory[0m[2m=[0m/var/share/honk/.sub
[2m2026-08-24T15:15:22.893467Z[0m [32m INFO[0m [2mhonk_core[0m[2m:[0m Group 'hy2' resolved 1 node(s)
[2m2026-08-24T15:15:22.893469Z[0m [32m INFO[0m [2mhonk_core[0m[2m:[0m Group 'tuic' resolved 1 node(s)
[2m2026-08-24T15:15:22.893470Z[0m [32m INFO[0m [2mhonk_core[0m[2m:[0m Group 'ss2022' resolved 1 node(s)
[2m2026-08-24T15:15:22.893470Z[0m [32m INFO[0m [2mhonk_core[0m[2m:[0m Group 'trojan' resolved 1 node(s)
[2m2026-08-24T15:15:22.893471Z[0m [32m INFO[0m [2mhonk_core[0m[2m:[0m Group 'anytls-sb' resolved 1 node(s)
[2m2026-08-24T15:15:22.893472Z[0m [32m INFO[0m [2mhonk_core[0m[2m:[0m Group 'anytls-go' resolved 1 node(s)
[2m2026-08-24T15:15:22.893473Z[0m [32m INFO[0m [2mhonk_core[0m[2m:[0m Loaded 8 nodes, 6 groups, 12 routing rules
[2m2026-08-24T15:15:22.893895Z[0m [32m INFO[0m [2mhonk_core[0m[2m:[0m daens FD source: /proc/thread-self/ns/net -> net:[4026532224]
[2m2026-08-24T15:15:22.894677Z[0m [32m INFO[0m [2mhonk_core[0m[2m:[0m Created daens network namespace (FD-owned)
[2m2026-08-24T15:15:22.895399Z[0m [32m INFO[0m [2mhonk_core[0m[2m:[0m Created dae0/dae0peer link pair [3mkind[0m[2m=[0mNetkit
[2m2026-08-24T15:15:22.895613Z[0m [32m INFO[0m [2mhonk_core[0m[2m:[0m net.ipv4.conf.dae0.rp_filter = 0
[2m2026-08-24T15:15:22.895622Z[0m [32m INFO[0m [2mhonk_core[0m[2m:[0m net.ipv4.conf.dae0.accept_local = 1
[2m2026-08-24T15:15:22.895751Z[0m [32m INFO[0m [2mhonk_core[0m[2m:[0m dae0 link created before eBPF load (ifindex=296)
[2m2026-08-24T15:15:22.895753Z[0m [32m INFO[0m [2mhonk_core[0m[2m:[0m Loading real eBPF backend from built-in object
[2m2026-08-24T15:15:22.920698Z[0m [32m INFO[0m [2mhonk_core::ebpf::real::attach[0m[2m:[0m Loading eBPF programs (1575808 bytes)
[2m2026-08-24T15:15:22.920774Z[0m [32m INFO[0m [2mhonk_core::ebpf::real::attach[0m[2m:[0m Kernel 7.1.0 supports bpf_redirect_peer, enabling
[2m2026-08-24T15:15:22.934337Z[0m [32m INFO[0m [2mhonk_core::ebpf::real::attach[0m[2m:[0m process-name routing uses argv[0] basename
[2m2026-08-24T15:15:22.939807Z[0m [32m INFO[0m [2mhonk_core::ebpf::real::attach[0m[2m:[0m Attached 6 cgroup programs to /sys/fs/cgroup
[2m2026-08-24T15:15:22.940157Z[0m [32m INFO[0m [2mhonk_core::ebpf::real::attach[0m[2m:[0m Attaching eBPF TC programs to LAN interface: veth-lab (configured: veth-lab)
[2m2026-08-24T15:15:23.059370Z[0m [32m INFO[0m [2mhonk_core::ebpf::real::attach[0m[2m:[0m attached 'lan_ingress_l2' to veth-lab (Ingress) link_id=SchedClassifierLinkId(FdLinkId(FdLinkId(55)))
[2m2026-08-24T15:15:23.069363Z[0m [32m INFO[0m [2mhonk_core::ebpf::real::attach[0m[2m:[0m attached 'lan_egress_l2' to veth-lab (Egress) link_id=SchedClassifierLinkId(FdLinkId(FdLinkId(57)))
[2m2026-08-24T15:15:23.093353Z[0m [32m INFO[0m [2mhonk_core::ebpf::real::attach[0m[2m:[0m attached 'wan_egress_l2' to ens3 (Egress) link_id=SchedClassifierLinkId(FdLinkId(FdLinkId(59)))
[2m2026-08-24T15:15:23.103351Z[0m [32m INFO[0m [2mhonk_core::ebpf::real::attach[0m[2m:[0m attached 'wan_ingress_l2' to ens3 (Ingress) link_id=SchedClassifierLinkId(FdLinkId(FdLinkId(61)))
[2m2026-08-24T15:15:23.103395Z[0m [32m INFO[0m [2mhonk_core::ebpf::real::attach[0m[2m:[0m eBPF loaded and attached
[2m2026-08-24T15:15:23.104329Z[0m [32m INFO[0m [2mhonk_core::ebpf::real[0m[2m:[0m PARAM defaults in effect (tproxy_port=12345, tproxy_mark=0x8000000)
[2m2026-08-24T15:15:23.104339Z[0m [32m INFO[0m [2mhonk_core[0m[2m:[0m eBPF backend initialized with tproxy_port=12345
[2m2026-08-24T15:15:23.104341Z[0m [32m INFO[0m [2mhonk_core[0m[2m:[0m eBPF parameters set
[2m2026-08-24T15:15:23.115296Z[0m [32m INFO[0m [2mhonk_core::ebpf::real::attach[0m[2m:[0m attached 'dae0_ingress' to dae0 (Ingress) link_id=SchedClassifierLinkId(FdLinkId(FdLinkId(63)))
[2m2026-08-24T15:15:23.115303Z[0m [32m INFO[0m [2mhonk_core::ebpf::real[0m[2m:[0m dae0_ingress attached and link held
[2m2026-08-24T15:15:23.115304Z[0m [32m INFO[0m [2mhonk_core[0m[2m:[0m dae0 programs attached
[2m2026-08-24T15:15:23.129610Z[0m [32m INFO[0m [2mhonk_core[0m[2m:[0m Moved dae0peer to daens
[2m2026-08-24T15:15:23.130407Z[0m [32m INFO[0m [2mhonk_core[0m[2m:[0m Configured daens namespace (mark=0x8000000)
[2m2026-08-24T15:15:23.130417Z[0m [32m INFO[0m [2mhonk_core[0m[2m:[0m dae0peer moved to daens netns
[2m2026-08-24T15:15:23.130816Z[0m [32m INFO[0m [2mhonk_core::ebpf::real[0m[2m:[0m tproxy_sk_lookup attached to daens namespace
[2m2026-08-24T15:15:23.130822Z[0m [32m INFO[0m [2mhonk_core[0m[2m:[0m tproxy_sk_lookup attached in daens
[2m2026-08-24T15:15:23.136299Z[0m [32m INFO[0m [2mhonk_core::ebpf::real::attach[0m[2m:[0m attached 'dae0peer_ingress' to dae0peer (Ingress) link_id=SchedClassifierLinkId(FdLinkId(FdLinkId(68)))
[2m2026-08-24T15:15:23.136309Z[0m [32m INFO[0m [2mhonk_core::ebpf::real[0m[2m:[0m dae0peer_ingress attached and link held
[2m2026-08-24T15:15:23.136314Z[0m [32m INFO[0m [2mhonk_core[0m[2m:[0m dae0peer_ingress attached in daens
[2m2026-08-24T15:15:23.136316Z[0m [32m INFO[0m [2mhonk_core[0m[2m:[0m Using eBPF TC redirect datapath (tproxy_mark=0x8000000)
[2m2026-08-24T15:15:23.136355Z[0m [32m INFO[0m [2mhonk_core[0m[2m:[0m Router ready with 12 compiled routes
[2m2026-08-24T15:15:23.136371Z[0m [32m INFO[0m [2mhonk_core[0m[2m:[0m Proxy registry ready (11 handlers)
[2m2026-08-24T15:15:23.136394Z[0m [32m INFO[0m [2mhonk_core[0m[2m:[0m DNS upstream config: name=alidns addr=223.5.5.5:53 proto=Udp outbound=None
[2m2026-08-24T15:15:23.136404Z[0m [32m INFO[0m [2mhonk_core[0m[2m:[0m DNS forwarder ready
[2m2026-08-24T15:15:23.136421Z[0m [32m INFO[0m [2mhonk_core::control::bootstrap[0m[2m:[0m Registered 6/8 nodes for health check (2 skipped: not in any group)
[2m2026-08-24T15:15:23.136454Z[0m [32m INFO[0m [2mhonk_core::control::bootstrap[0m[2m:[0m Control-plane descriptor budget [3mnofile[0m[2m=[0m32768 [3mfixed[0m[2m=[0m256 [3mtcp_flows[0m[2m=[0m1024 [3mtcp_max[0m[2m=[0m2048 [3mtcp_pool[0m[2m=[0m2048 [3mdials[0m[2m=[0m64 [3mdial_ceiling[0m[2m=[0m1024 [3mudp_endpoints[0m[2m=[0m7765 [3mudp_slow[0m[2m=[0m256 [3mdns_slow[0m[2m=[0m256
[2m2026-08-24T15:15:23.136476Z[0m [32m INFO[0m [2mhonk_core::control::routing_matcher[0m[2m:[0m rule 'rule-0' outbound='direct' -> id=0 (cp=false)
[2m2026-08-24T15:15:23.136478Z[0m [32m INFO[0m [2mhonk_core::control::routing_matcher[0m[2m:[0m rule '__local_direct_10.10.10.49/32' outbound='direct' -> id=0 (cp=false)
[2m2026-08-24T15:15:23.136481Z[0m [32m INFO[0m [2mhonk_core::control::routing_matcher[0m[2m:[0m Planned 1 destination IP routes for rule 7
[2m2026-08-24T15:15:23.136483Z[0m [32m INFO[0m [2mhonk_core::control::routing_matcher[0m[2m:[0m rule '__local_direct_192.0.2.55/32' outbound='direct' -> id=0 (cp=false)
[2m2026-08-24T15:15:23.136484Z[0m [32m INFO[0m [2mhonk_core::control::routing_matcher[0m[2m:[0m Planned 1 destination IP routes for rule 8
[2m2026-08-24T15:15:23.136486Z[0m [32m INFO[0m [2mhonk_core::control::routing_matcher[0m[2m:[0m rule '__local_direct_192.168.222.1/32' outbound='direct' -> id=0 (cp=false)
[2m2026-08-24T15:15:23.136487Z[0m [32m INFO[0m [2mhonk_core::control::routing_matcher[0m[2m:[0m Planned 1 destination IP routes for rule 9
[2m2026-08-24T15:15:23.136488Z[0m [32m INFO[0m [2mhonk_core::control::routing_matcher[0m[2m:[0m rule '__local_direct_240e:3b6:32b2:81e0:2a0:98ff:fe04:2a4b/128' outbound='direct' -> id=0 (cp=false)
[2m2026-08-24T15:15:23.136497Z[0m [32m INFO[0m [2mhonk_core::control::routing_matcher[0m[2m:[0m Planned 1 destination IP routes for rule 10
[2m2026-08-24T15:15:23.136498Z[0m [32m INFO[0m [2mhonk_core::control::routing_matcher[0m[2m:[0m rule '__local_direct_fd00:abab::2a0:98ff:fe04:2a4b/128' outbound='direct' -> id=0 (cp=false)
[2m2026-08-24T15:15:23.136500Z[0m [32m INFO[0m [2mhonk_core::control::routing_matcher[0m[2m:[0m Planned 1 destination IP routes for rule 11
[2m2026-08-24T15:15:23.136502Z[0m [32m INFO[0m [2mhonk_core::control::routing_matcher[0m[2m:[0m rule 'rule-1' outbound='hy2' -> id=2 (cp=false)
[2m2026-08-24T15:15:23.136503Z[0m [32m INFO[0m [2mhonk_core::control::routing_matcher[0m[2m:[0m rule 'rule-2' outbound='tuic' -> id=3 (cp=false)
[2m2026-08-24T15:15:23.136504Z[0m [32m INFO[0m [2mhonk_core::control::routing_matcher[0m[2m:[0m rule 'rule-3' outbound='ss2022' -> id=4 (cp=false)
[2m2026-08-24T15:15:23.136506Z[0m [32m INFO[0m [2mhonk_core::control::routing_matcher[0m[2m:[0m rule 'rule-4' outbound='trojan' -> id=5 (cp=false)
[2m2026-08-24T15:15:23.136507Z[0m [32m INFO[0m [2mhonk_core::control::routing_matcher[0m[2m:[0m rule 'rule-5' outbound='anytls-sb' -> id=6 (cp=false)
[2m2026-08-24T15:15:23.136508Z[0m [32m INFO[0m [2mhonk_core::control::routing_matcher[0m[2m:[0m rule 'rule-6' outbound='anytls-go' -> id=7 (cp=false)
[2m2026-08-24T15:15:23.136583Z[0m [32m INFO[0m [2mhonk_core[0m[2m:[0m DNS upstream pool attached to SharedGroupManager + traffic Router
[2m2026-08-24T15:15:23.136597Z[0m [32m INFO[0m [2mhonk_core[0m[2m:[0m Starting control plane listeners and accept loop
[2m2026-08-24T15:15:23.136600Z[0m [32m INFO[0m [2mhonk_core[0m[2m:[0m honk-core is running. Press Ctrl+C to stop.
[2m2026-08-24T15:15:23.136637Z[0m [32m INFO[0m [2mhonk_core::control::runtime[0m[2m:[0m Control plane listening for TPROXY TCPv4 on 0.0.0.0:12345
[2m2026-08-24T15:15:23.136650Z[0m [32m INFO[0m [2mhonk_core::control::runtime[0m[2m:[0m Control plane listening for TPROXY TCPv6 on [::]:12345
[2m2026-08-24T15:15:23.136676Z[0m [32m INFO[0m [2mhonk_core::control::runtime[0m[2m:[0m Control plane listening for TPROXY UDPv4 x4 on 0.0.0.0:12345
[2m2026-08-24T15:15:23.136714Z[0m [32m INFO[0m [2mhonk_core::control::runtime[0m[2m:[0m Control plane listening for TPROXY UDPv6 x4 on [::]:12345
[2m2026-08-24T15:15:23.136721Z[0m [32m INFO[0m [2mhonk_core::ebpf::real[0m[2m:[0m Published listener socket to LISTEN_SOCKET_MAP [3mfd[0m[2m=[0m70 [3mkey[0m[2m=[0m0
[2m2026-08-24T15:15:23.136724Z[0m [32m INFO[0m [2mhonk_core::ebpf::real[0m[2m:[0m Published listener socket to LISTEN_SOCKET_MAP [3mfd[0m[2m=[0m71 [3mkey[0m[2m=[0m1
[2m2026-08-24T15:15:23.136726Z[0m [32m INFO[0m [2mhonk_core::ebpf::real[0m[2m:[0m Published listener socket to LISTEN_SOCKET_MAP [3mfd[0m[2m=[0m72 [3mkey[0m[2m=[0m2
[2m2026-08-24T15:15:23.136729Z[0m [32m INFO[0m [2mhonk_core::ebpf::real[0m[2m:[0m Published listener socket to LISTEN_SOCKET_MAP [3mfd[0m[2m=[0m73 [3mkey[0m[2m=[0m3
[2m2026-08-24T15:15:23.136731Z[0m [32m INFO[0m [2mhonk_core::ebpf::real[0m[2m:[0m Published listener socket to LISTEN_SOCKET_MAP [3mfd[0m[2m=[0m74 [3mkey[0m[2m=[0m4
[2m2026-08-24T15:15:23.136733Z[0m [32m INFO[0m [2mhonk_core::ebpf::real[0m[2m:[0m Published listener socket to LISTEN_SOCKET_MAP [3mfd[0m[2m=[0m75 [3mkey[0m[2m=[0m5
[2m2026-08-24T15:15:23.136738Z[0m [32m INFO[0m [2mhonk_core::ebpf::real[0m[2m:[0m Published listener socket to LISTEN_SOCKET_MAP [3mfd[0m[2m=[0m76 [3mkey[0m[2m=[0m6
[2m2026-08-24T15:15:23.136740Z[0m [32m INFO[0m [2mhonk_core::ebpf::real[0m[2m:[0m Published listener socket to LISTEN_SOCKET_MAP [3mfd[0m[2m=[0m77 [3mkey[0m[2m=[0m7
[2m2026-08-24T15:15:23.136738Z[0m [32m INFO[0m [2mhonk_core::clash_api[0m[2m:[0m clash API listening on http://127.0.0.1:9090
[2m2026-08-24T15:15:23.136742Z[0m [32m INFO[0m [2mhonk_core::ebpf::real[0m[2m:[0m Published listener socket to LISTEN_SOCKET_MAP [3mfd[0m[2m=[0m79 [3mkey[0m[2m=[0m8
[2m2026-08-24T15:15:23.136760Z[0m [32m INFO[0m [2mhonk_core::ebpf::real[0m[2m:[0m Published listener socket to LISTEN_SOCKET_MAP [3mfd[0m[2m=[0m80 [3mkey[0m[2m=[0m9
[2m2026-08-24T15:15:23.149480Z[0m [32m INFO[0m [2mhonk_core::control::routing_matcher[0m[2m:[0m Pushed 31 MatchSet entries to eBPF ROUTING_MAP
[2m2026-08-24T15:15:23.149493Z[0m [32m INFO[0m [2mhonk_core::control::runtime[0m[2m:[0m BPF map janitor started
[2m2026-08-24T15:15:23.149500Z[0m [32m INFO[0m [2mhonk_outbound::tls[0m[2m:[0m TLS mode: tls (Chrome fingerprint=false)
[2m2026-08-24T15:15:23.149590Z[0m [32m INFO[0m [2mhonk_core::control::janitor[0m[2m:[0m BPF janitor: started (tick=2s; conn-state sweep is watermark-driven)
[2m2026-08-24T15:15:23.150818Z[0m [32m INFO[0m [2mhonk_outbound::alive[0m[2m:[0m Health check DNS resolved 'cp.cloudflare.com' → 2 IPs
[2m2026-08-24T15:15:23.150829Z[0m [32m INFO[0m [2mhonk_core::control::runtime[0m[2m:[0m HTTP health check enabled (url=http://cp.cloudflare.com, method=HEAD)
[2m2026-08-24T15:15:23.150853Z[0m [32m INFO[0m [2mhonk_core::control::runtime[0m[2m:[0m UDP health check enabled (dns=8.8.8.8:53)
[2m2026-08-24T15:15:23.150857Z[0m [32m INFO[0m [2mhonk_core::control::runtime[0m[2m:[0m Starting health check loop (interval=3600s, timeout=5s)
[2m2026-08-24T15:15:23.150863Z[0m [32m INFO[0m [2mhonk_core::control::runtime[0m[2m:[0m Outbound health check loop started (interval=3600s)
[2m2026-08-24T15:15:23.150871Z[0m [32m INFO[0m [2mhonk_core::control::runtime[0m[2m:[0m Connection pool janitor started
[2m2026-08-24T15:15:23.150887Z[0m [32m INFO[0m [2mhonk_core::control::preconnect[0m[2m:[0m Preconnect warmup started for 2 nodes (max 4 concurrent)
[2m2026-08-24T15:15:23.150909Z[0m [32m INFO[0m [2mhonk_core::control::runtime[0m[2m:[0m eBPF datapath admission opened after listener publication
[2m2026-08-24T15:15:27.668146Z[0m [32m INFO[0m [2mhonk_outbound::alive::probe[0m[2m:[0m Node 'tuic' is alive after HTTP health check
[2m2026-08-24T15:15:27.668464Z[0m [32m INFO[0m [2mhonk_outbound::alive::probe[0m[2m:[0m Node 'anytls-sb' is alive after HTTP health check
[2m2026-08-24T15:15:27.668550Z[0m [32m INFO[0m [2mhonk_outbound::alive::probe[0m[2m:[0m Node 'hy2' is alive after HTTP health check
[2m2026-08-24T15:15:27.669045Z[0m [32m INFO[0m [2mhonk_outbound::alive::probe[0m[2m:[0m Node 'anytls-go' is alive after HTTP health check
[2m2026-08-24T15:15:27.669265Z[0m [32m INFO[0m [2mhonk_outbound::alive::probe[0m[2m:[0m Node 'tuic' is alive after HTTP health check
[2m2026-08-24T15:15:27.671091Z[0m [32m INFO[0m [2mhonk_outbound::alive::probe[0m[2m:[0m Node 'ss2022' is alive after HTTP health check
[2m2026-08-24T15:15:27.672563Z[0m [32m INFO[0m [2mhonk_outbound::alive::probe[0m[2m:[0m Node 'ss2022' is alive after HTTP health check
[2m2026-08-24T15:15:27.674066Z[0m [32m INFO[0m [2mhonk_outbound::alive::probe[0m[2m:[0m Node 'anytls-sb' is alive after HTTP health check
[2m2026-08-24T15:15:27.675945Z[0m [32m INFO[0m [2mhonk_outbound::alive::probe[0m[2m:[0m Node 'trojan' is alive after HTTP health check
[2m2026-08-24T15:15:27.679849Z[0m [32m INFO[0m [2mhonk_outbound::alive::probe[0m[2m:[0m Node 'anytls-go' is alive after HTTP health check
[2m2026-08-24T15:15:27.679849Z[0m [32m INFO[0m [2mhonk_outbound::alive::probe[0m[2m:[0m Node 'hy2' is alive after HTTP health check
[2m2026-08-24T15:15:27.680910Z[0m [32m INFO[0m [2mhonk_outbound::alive::probe[0m[2m:[0m Node 'trojan' is alive after HTTP health check
[2m2026-08-24T15:16:23.151028Z[0m [32m INFO[0m [2mhonk_core::control::janitor[0m[2m:[0m BPF janitor: conn-state sweep removed 424/2959 entries (occupancy ~0.6%)
